6x6: AaAAAAAAAAAAAAAAAAAAAAAAAAAAAAAAAAAA